# -*- coding: utf-8 -*-

error: rs36044796
error: rs147529197
error: rs36044796
error: rs147529197
error: rs36044796
error: rs147529197
error: rs36044796
error: rs147529197
error: rs140228014
error: rs146550602
error: rs138965662
error: rs3026900
error: rs3738099
error: rs12124283
error: rs11247847
error: rs28357092
error: rs10493050
error: rs28414989
error: rs66537746
error: rs141253848
error: rs28716800
error: rs11572243
error: rs3790419
error: rs8179183
error: rs4297265
error: rs62642586
error: rs28934569
error: rs35352606
error: rs61753041
error: rs1800554
error: rs61754665
error: rs61748514
error: rs61753022
error: rs62642561
error: rs61754047
error: rs61752408
error: rs61753961
error: rs61753051
error: rs35320409
error: rs1056799
error: rs74837985
error: rs1799735
error: rs143677685
error: rs28688240
error: rs57036940
error: rs151308894
error: rs75313644
error: rs140058835
error: rs139586530
error: rs139965479
error: rs74960973
error: rs149886351
error: rs148608288
error: rs10888390
error: rs139914712
error: rs11539735
error: rs8192284
error: rs80356773
error: rs61726477
error: rs61250709
error: rs57883991
error: rs35750865
error: rs78350026
error: rs71519246
error: rs11808728
error: rs7538259
error: rs9729556
error: rs4418557
error: rs1578705
error: rs10921627
error: rs7517688
error: rs1418541
error: rs145363302
error: rs28929497
error: rs62636280
error: rs11487802
error: rs3738383
error: rs2292566
error: rs71723709
error: rs3795818
error: rs3795817
error: rs12084511
error: rs6678145
error: rs139430705
error: rs116252762
error: rs12410855
error: rs145794870
error: rs147868925
error: rs143745365
error: rs148978058
error: rs17034455
error: rs63751091
error: rs63750506
error: rs63750699
error: rs63750816
error: rs63751481
error: rs63750397
error: rs63749928
error: rs63749798
error: rs63749894
error: rs63750269
error: rs63750017
error: rs63750667
error: rs63751304
error: rs63749966
error: rs63750965
error: rs63750672
error: rs63751042
error: rs63751233
error: rs63750661
error: rs63750074
error: rs63750159
error: rs63750256
error: rs63750025
error: rs63751222
error: rs63750632
error: rs63750979
error: rs63749825
error: rs63750925
error: rs63751078
error: rs63750721
error: rs63751151
error: rs63750827
error: rs36044796
error: rs36044796
error: rs147529197
error: rs36044796
error: rs147529197
error: rs36044796
error: rs36044796
error: rs147529197
error: rs36044796
error: rs147529197
error: rs36044796
error: rs147529197
error: rs36044796
error: rs36044796
error: rs147529197
error: rs36044796
error: rs147529197
error: rs36044796
error: rs147529197
error: rs140228014
error: rs36044796
error: rs147529197
